// Jest Snapshot v1, https://goo.gl/fbAQLP

exports[`<ScoreBoard /> should render the score board with empty score for each player 1`] = `
<DocumentFragment>
  <section
    class="container"
  >
    <div
      class="active"
      data-testid="score-for-player-cross"
    >
      <span
        class="mark"
      >
        <div
          class="container"
        >
          <svg
            class="svg"
            data-testid="cross-mark"
            preserveAspectRatio="xMinYMin meet"
            version="1.1"
            viewBox="0 0 500 500"
          >
            <line
              stroke="#444444"
              stroke-width="50"
              x1="130"
              x2="130"
              y1="130"
              y2="130"
            >
              <animate
                attributeName="x2"
                attributeType="XML"
                dur="1ms"
                fill="freeze"
                from="130"
                id="first"
                repeatCount="1"
                to="370"
              />
              <animate
                attributeName="y2"
                attributeType="XML"
                dur="1ms"
                fill="freeze"
                from="130"
                repeatCount="1"
                to="370"
              />
            </line>
            <line
              opacity="0"
              stroke="#444444"
              stroke-width="50"
              x1="370"
              x2="370"
              y1="130"
              y2="130"
            >
              <animate
                attributeName="opacity"
                attributeType="XML"
                begin="0s"
                dur="1ms"
                fill="freeze"
                from="0"
                repeatCount="1"
                to="1"
              />
              <animate
                attributeName="x2"
                attributeType="XML"
                begin="0s"
                dur="1ms"
                fill="freeze"
                from="370"
                repeatCount="1"
                to="130"
              />
              <animate
                attributeName="y2"
                attributeType="XML"
                begin="0s"
                dur="1ms"
                fill="freeze"
                from="130"
                repeatCount="1"
                to="370"
              />
            </line>
          </svg>
        </div>
      </span>
      <span
        aria-live="polite"
        class="score"
        title="Player cross has 0 points"
      >
        —
      </span>
    </div>
    <div
      class="container"
      data-testid="score-for-player-circle"
    >
      <span
        class="mark"
      >
        <div
          class="container"
        >
          <svg
            class="svg"
            data-testid="circle-mark"
            preserveAspectRatio="xMinYMin meet"
            version="1.1"
            viewBox="0 0 500 500"
          >
            <circle
              cx="250"
              cy="250"
              fill="transparent"
              r="125"
              stroke="#444444"
              stroke-dasharray="800"
              stroke-dashoffset="-800"
              stroke-width="45"
            >
              <animate
                attributeName="stroke-dashoffset"
                attributeType="XML"
                dur="1ms"
                fill="freeze"
                from="-800"
                repeatCount="1"
                to="0"
              />
            </circle>
          </svg>
        </div>
      </span>
      <span
        aria-live="polite"
        class="score"
        title="Player circle has 0 points"
      >
        —
      </span>
    </div>
  </section>
</DocumentFragment>
`;
