// Jest Snapshot v1, https://goo.gl/fbAQLP

exports[`<Board /> should render proper markup 1`] = `
<DocumentFragment>
  <section
    class="container"
  >
    <button
      class="space top left"
      title="Top left empty space"
    />
    <button
      class="space top center"
      title="Top center space marked by circle"
    >
      <div
        class="container"
      >
        <svg
          class="svg"
          data-testid="circle-mark"
          preserveAspectRatio="xMinYMin meet"
          version="1.1"
          viewBox="0 0 500 500"
        >
          <circle
            cx="250"
            cy="250"
            fill="transparent"
            r="125"
            stroke="#FFFFFF"
            stroke-dasharray="800"
            stroke-dashoffset="-800"
            stroke-width="45"
          >
            <animate
              attributeName="stroke-dashoffset"
              attributeType="XML"
              dur="250ms"
              fill="freeze"
              from="-800"
              repeatCount="1"
              to="0"
            />
          </circle>
        </svg>
      </div>
    </button>
    <button
      class="space top right"
      title="Top right space marked by cross"
    >
      <div
        class="container"
      >
        <svg
          class="svg"
          data-testid="cross-mark"
          preserveAspectRatio="xMinYMin meet"
          version="1.1"
          viewBox="0 0 500 500"
        >
          <line
            stroke="#444444"
            stroke-width="50"
            x1="130"
            x2="130"
            y1="130"
            y2="130"
          >
            <animate
              attributeName="x2"
              attributeType="XML"
              dur="125ms"
              fill="freeze"
              from="130"
              id="first"
              repeatCount="1"
              to="370"
            />
            <animate
              attributeName="y2"
              attributeType="XML"
              dur="125ms"
              fill="freeze"
              from="130"
              repeatCount="1"
              to="370"
            />
          </line>
          <line
            opacity="0"
            stroke="#444444"
            stroke-width="50"
            x1="370"
            x2="370"
            y1="130"
            y2="130"
          >
            <animate
              attributeName="opacity"
              attributeType="XML"
              begin="125ms"
              dur="125ms"
              fill="freeze"
              from="0"
              repeatCount="1"
              to="1"
            />
            <animate
              attributeName="x2"
              attributeType="XML"
              begin="125ms"
              dur="125ms"
              fill="freeze"
              from="370"
              repeatCount="1"
              to="130"
            />
            <animate
              attributeName="y2"
              attributeType="XML"
              begin="125ms"
              dur="125ms"
              fill="freeze"
              from="130"
              repeatCount="1"
              to="370"
            />
          </line>
        </svg>
      </div>
    </button>
    <button
      class="space left middle"
      title="Left middle empty space"
    />
    <button
      class="space center middle"
      title="Center middle empty space"
    />
    <button
      class="space right middle"
      title="Right middle empty space"
    />
    <button
      class="space bottom left"
      title="Bottom left space marked by cross"
    >
      <div
        class="container"
      >
        <svg
          class="svg"
          data-testid="cross-mark"
          preserveAspectRatio="xMinYMin meet"
          version="1.1"
          viewBox="0 0 500 500"
        >
          <line
            stroke="#444444"
            stroke-width="50"
            x1="130"
            x2="130"
            y1="130"
            y2="130"
          >
            <animate
              attributeName="x2"
              attributeType="XML"
              dur="125ms"
              fill="freeze"
              from="130"
              id="first"
              repeatCount="1"
              to="370"
            />
            <animate
              attributeName="y2"
              attributeType="XML"
              dur="125ms"
              fill="freeze"
              from="130"
              repeatCount="1"
              to="370"
            />
          </line>
          <line
            opacity="0"
            stroke="#444444"
            stroke-width="50"
            x1="370"
            x2="370"
            y1="130"
            y2="130"
          >
            <animate
              attributeName="opacity"
              attributeType="XML"
              begin="125ms"
              dur="125ms"
              fill="freeze"
              from="0"
              repeatCount="1"
              to="1"
            />
            <animate
              attributeName="x2"
              attributeType="XML"
              begin="125ms"
              dur="125ms"
              fill="freeze"
              from="370"
              repeatCount="1"
              to="130"
            />
            <animate
              attributeName="y2"
              attributeType="XML"
              begin="125ms"
              dur="125ms"
              fill="freeze"
              from="130"
              repeatCount="1"
              to="370"
            />
          </line>
        </svg>
      </div>
    </button>
    <button
      class="space bottom center"
      title="Bottom center empty space"
    />
    <button
      class="space bottom right"
      title="Bottom right space marked by circle"
    >
      <div
        class="container"
      >
        <svg
          class="svg"
          data-testid="circle-mark"
          preserveAspectRatio="xMinYMin meet"
          version="1.1"
          viewBox="0 0 500 500"
        >
          <circle
            cx="250"
            cy="250"
            fill="transparent"
            r="125"
            stroke="#FFFFFF"
            stroke-dasharray="800"
            stroke-dashoffset="-800"
            stroke-width="45"
          >
            <animate
              attributeName="stroke-dashoffset"
              attributeType="XML"
              dur="250ms"
              fill="freeze"
              from="-800"
              repeatCount="1"
              to="0"
            />
          </circle>
        </svg>
      </div>
    </button>
  </section>
</DocumentFragment>
`;
